C:\Users\kubat>psql -U postgres -d postgres -h localhost -p 5432
Password for user postgres:

psql (17.6)
WARNING: Console code page (437) differs from Windows code page (1252)
         8-bit characters might not work correctly. See psql reference
         page "Notes for Windows users" for details.
Type "help" for help.

postgres=# \c
You are now connected to database "postgres" as user "postgres".
postgres=# CREATE TABLE students (
postgres(#     student_id SERIAL PRIMARY KEY,
postgres(#     first_name VARCHAR(50) NOT NULL,
postgres(#     last_name VARCHAR(50) NOT NULL,
postgres(#     email VARCHAR(100) UNIQUE NOT NULL,
postgres(#     faculty VARCHAR(100)
postgres(# );
CREATE TABLE
postgres=# ALTER TABLE students;
ERROR:  character with byte sequence 0xd0 0x9e in encoding "UTF8" has no equivalent in encoding "WIN1252"
postgres=# ALTER TABLE students
postgres-# ADD COLUMN date_of_birth DATE;
ALTER TABLE
postgres=# SELECT * FROM students;
 student_id | first_name | last_name | email | faculty | date_of_birth
------------+------------+-----------+-------+---------+---------------
(0 rows)


postgres=# ALTER TABLE
postgres-# ALTER TABLE students
postgres-# DROP COLUMN faculty;
ERROR:  character with byte sequence 0xd0 0x9e in encoding "UTF8" has no equivalent in encoding "WIN1252"
postgres=# ALTER TABLE students
postgres-# DROP COLUMN faculty;
ALTER TABLE
postgres=# ALTER TABLE students
postgres-# ALTER COLUMN first_name TYPE TEXT;
ALTER TABLE
postgres=# ALTER TABLE students
postgres-# ADD CONSTRAINT unique_student_email UNIQUE (email);
ALTER TABLE
postgres=# ALTER TABLE students
postgres-# RENAME COLUMN email TO email_address;
ALTER TABLE
postgres=# ALTER TABLE students
postgres-# RENAME TO university_students;
ALTER TABLE
postgres=# SELECT * FROM students;
ERROR:  character with byte sequence 0xd0 0x9e in encoding "UTF8" has no equivalent in encoding "WIN1252"
postgres=# SELECT * FROM university_students;
 student_id | first_name | last_name | email_address | date_of_birth
------------+------------+-----------+---------------+---------------
(0 rows)


postgres=# \q
